// Jest Snapshot v1, https://goo.gl/fbAQLP

exports[`EmptyImage should match the snapshot 1`] = `
<article
  class="sc-bdvvtL gfFlDl"
>
  Image could not be loaded
</article>
`;
